Running on host cdr535.int.cedar.computecanada.ca
Working directory is /home/ehirsch/projects/def-emartins/ehirsch/01-outputs

Due to MODULEPATH changes, the following have been reloaded:
  1) mii/1.1.2

The following have been reloaded with a version change:
  1) StdEnv/2023 => StdEnv/2020           5) libfabric/1.18.0 => libfabric/1.10.1
  2) gcccore/.12.3 => gcccore/.9.3.0      6) openmpi/4.1.5 => openmpi/4.0.3
  3) gentoo/2023 => gentoo/2020           7) ucx/1.14.1 => ucx/1.8.0
  4) imkl/2023.2.0 => imkl/2020.1.217


Lmod is automatically replacing "intel/2020.1.217" with "gcc/9.3.0".


Due to MODULEPATH changes, the following have been reloaded:
  1) openmpi/4.0.3

Starting R at Mon 10 Feb 2025 12:52:21 PM PST.

Processing function input....... 

Done. 
 
Error in serverSocket(port = port) : 
  creation of server socket failed: port 11382 cannot be opened
Calls: jagsUI ... run.parallel -> <Anonymous> -> makePSOCKcluster -> serverSocket
Execution halted
srun: error: cdr535: task 0: Exited with exit code 1
srun: Terminating StepId=54272900.0
Finished R at Mon 10 Feb 2025 12:52:39 PM PST.
